MPLINK 5.09, LINKER
Linker Map File - Created Sat Feb 21 05:54:53 2026

                                 Section Info
                  Section       Type    Address   Location Size(Bytes)
                ---------  ---------  ---------  ---------  ---------
                   .org_0       code   0x000000    program   0x000002
                   .cinit    romdata   0x000001    program   0x000004
                   .org_1       code   0x000004    program   0x000052
.config_2007_BUILD/DEFAULT/PRODUCTION/LAB1-5.       code   0x002007    program   0x000002



                              Program Memory Usage 
                               Start         End      
                           ---------   ---------      
                            0x000000    0x000002      
                            0x000004    0x00002c      
                            0x002007    0x002007      
            45 out of 2182 program addresses used, program memory utilization is 2%



                              Symbols - Sorted by Name
                     Name    Address   Location    Storage File                     
                ---------  ---------  ---------  --------- ---------                
                 exit_int   0x00002a    program     static C:\Users\NBODT\MPLABXProjects\lab1-5.X\lab1-5.asm
                 int_serv   0x000015    program     static C:\Users\NBODT\MPLABXProjects\lab1-5.X\lab1-5.asm
                     loop   0x000014    program     static C:\Users\NBODT\MPLABXProjects\lab1-5.X\lab1-5.asm
                press_rb4   0x00001e    program     static C:\Users\NBODT\MPLABXProjects\lab1-5.X\lab1-5.asm
                press_rb5   0x000021    program     static C:\Users\NBODT\MPLABXProjects\lab1-5.X\lab1-5.asm
                press_rb6   0x000024    program     static C:\Users\NBODT\MPLABXProjects\lab1-5.X\lab1-5.asm
                press_rb7   0x000027    program     static C:\Users\NBODT\MPLABXProjects\lab1-5.X\lab1-5.asm
                    start   0x000005    program     static C:\Users\NBODT\MPLABXProjects\lab1-5.X\lab1-5.asm



                              Symbols - Sorted by Address
                     Name    Address   Location    Storage File                     
                ---------  ---------  ---------  --------- ---------                
                    start   0x000005    program     static C:\Users\NBODT\MPLABXProjects\lab1-5.X\lab1-5.asm
                     loop   0x000014    program     static C:\Users\NBODT\MPLABXProjects\lab1-5.X\lab1-5.asm
                 int_serv   0x000015    program     static C:\Users\NBODT\MPLABXProjects\lab1-5.X\lab1-5.asm
                press_rb4   0x00001e    program     static C:\Users\NBODT\MPLABXProjects\lab1-5.X\lab1-5.asm
                press_rb5   0x000021    program     static C:\Users\NBODT\MPLABXProjects\lab1-5.X\lab1-5.asm
                press_rb6   0x000024    program     static C:\Users\NBODT\MPLABXProjects\lab1-5.X\lab1-5.asm
                press_rb7   0x000027    program     static C:\Users\NBODT\MPLABXProjects\lab1-5.X\lab1-5.asm
                 exit_int   0x00002a    program     static C:\Users\NBODT\MPLABXProjects\lab1-5.X\lab1-5.asm


