MPLINK 5.09, LINKER
Linker Map File - Created Sat Feb 21 16:16:23 2026

                                 Section Info
                  Section       Type    Address   Location Size(Bytes)
                ---------  ---------  ---------  ---------  ---------
                   .org_0       code   0x000000    program   0x000002
                   .cinit    romdata   0x000001    program   0x000004
                   .org_1       code   0x000004    program   0x000062
.config_2007_BUILD/DEFAULT/PRODUCTION/LAB3-3.       code   0x002007    program   0x000002



                              Program Memory Usage 
                               Start         End      
                           ---------   ---------      
                            0x000000    0x000002      
                            0x000004    0x000034      
                            0x002007    0x002007      
            53 out of 2182 program addresses used, program memory utilization is 2%



                              Symbols - Sorted by Name
                     Name    Address   Location    Storage File                     
                ---------  ---------  ---------  --------- ---------                
                check_off   0x000030    program     static C:\Users\NBODT\MPLABXProjects\lab3-3.X\lab3-3.asm
                      isr   0x000017    program     static C:\Users\NBODT\MPLABXProjects\lab3-3.X\lab3-3.asm
                     loop   0x000016    program     static C:\Users\NBODT\MPLABXProjects\lab3-3.X\lab3-3.asm
                     main   0x000005    program     static C:\Users\NBODT\MPLABXProjects\lab3-3.X\lab3-3.asm
                 mode_1ms   0x000026    program     static C:\Users\NBODT\MPLABXProjects\lab3-3.X\lab3-3.asm
                 mode_2ms   0x00002b    program     static C:\Users\NBODT\MPLABXProjects\lab3-3.X\lab3-3.asm



                              Symbols - Sorted by Address
                     Name    Address   Location    Storage File                     
                ---------  ---------  ---------  --------- ---------                
                     main   0x000005    program     static C:\Users\NBODT\MPLABXProjects\lab3-3.X\lab3-3.asm
                     loop   0x000016    program     static C:\Users\NBODT\MPLABXProjects\lab3-3.X\lab3-3.asm
                      isr   0x000017    program     static C:\Users\NBODT\MPLABXProjects\lab3-3.X\lab3-3.asm
                 mode_1ms   0x000026    program     static C:\Users\NBODT\MPLABXProjects\lab3-3.X\lab3-3.asm
                 mode_2ms   0x00002b    program     static C:\Users\NBODT\MPLABXProjects\lab3-3.X\lab3-3.asm
                check_off   0x000030    program     static C:\Users\NBODT\MPLABXProjects\lab3-3.X\lab3-3.asm


