MPLINK 5.09, LINKER
Linker Map File - Created Sat Feb 21 20:54:14 2026

                                 Section Info
                  Section       Type    Address   Location Size(Bytes)
                ---------  ---------  ---------  ---------  ---------
                   .org_0       code   0x000000    program   0x00005a
                   .cinit    romdata   0x00002d    program   0x000004
.config_2007_BUILD/DEFAULT/PRODUCTION/LAB5-2.       code   0x002007    program   0x000002



                              Program Memory Usage 
                               Start         End      
                           ---------   ---------      
                            0x000000    0x00002e      
                            0x002007    0x002007      
            48 out of 8454 program addresses used, program memory utilization is 0%



                              Symbols - Sorted by Name
                     Name    Address   Location    Storage File                     
                ---------  ---------  ---------  --------- ---------                
            check_buttons   0x000015    program     static C:\Users\NBODT\MPLABXProjects\lab5-2.X\lab5-2.asm
          check_low_range   0x00001c    program     static C:\Users\NBODT\MPLABXProjects\lab5-2.X\lab5-2.asm
                   is_sw1   0x000025    program     static C:\Users\NBODT\MPLABXProjects\lab5-2.X\lab5-2.asm
                   is_sw2   0x000027    program     static C:\Users\NBODT\MPLABXProjects\lab5-2.X\lab5-2.asm
                   is_sw3   0x000029    program     static C:\Users\NBODT\MPLABXProjects\lab5-2.X\lab5-2.asm
                 leds_off   0x00002b    program     static C:\Users\NBODT\MPLABXProjects\lab5-2.X\lab5-2.asm
                main_loop   0x000008    program     static C:\Users\NBODT\MPLABXProjects\lab5-2.X\lab5-2.asm
                 read_adc   0x00000c    program     static C:\Users\NBODT\MPLABXProjects\lab5-2.X\lab5-2.asm
                 wait_adc   0x000012    program     static C:\Users\NBODT\MPLABXProjects\lab5-2.X\lab5-2.asm



                              Symbols - Sorted by Address
                     Name    Address   Location    Storage File                     
                ---------  ---------  ---------  --------- ---------                
                main_loop   0x000008    program     static C:\Users\NBODT\MPLABXProjects\lab5-2.X\lab5-2.asm
                 read_adc   0x00000c    program     static C:\Users\NBODT\MPLABXProjects\lab5-2.X\lab5-2.asm
                 wait_adc   0x000012    program     static C:\Users\NBODT\MPLABXProjects\lab5-2.X\lab5-2.asm
            check_buttons   0x000015    program     static C:\Users\NBODT\MPLABXProjects\lab5-2.X\lab5-2.asm
          check_low_range   0x00001c    program     static C:\Users\NBODT\MPLABXProjects\lab5-2.X\lab5-2.asm
                   is_sw1   0x000025    program     static C:\Users\NBODT\MPLABXProjects\lab5-2.X\lab5-2.asm
                   is_sw2   0x000027    program     static C:\Users\NBODT\MPLABXProjects\lab5-2.X\lab5-2.asm
                   is_sw3   0x000029    program     static C:\Users\NBODT\MPLABXProjects\lab5-2.X\lab5-2.asm
                 leds_off   0x00002b    program     static C:\Users\NBODT\MPLABXProjects\lab5-2.X\lab5-2.asm


