MPLINK 5.09, LINKER
Linker Map File - Created Mon Feb 23 17:00:30 2026

                                 Section Info
                  Section       Type    Address   Location Size(Bytes)
                ---------  ---------  ---------  ---------  ---------
                   .org_0       code   0x000000    program   0x000002
                   .cinit    romdata   0x000001    program   0x000004
                   .org_1       code   0x000004    program   0x0000e4
.config_2007_BUILD/DEFAULT/PRODUCTION/REAL-TI       code   0x002007    program   0x000002



                              Program Memory Usage 
                               Start         End      
                           ---------   ---------      
                            0x000000    0x000002      
                            0x000004    0x000075      
                            0x002007    0x002007      
            118 out of 2182 program addresses used, program memory utilization is 5%



                              Symbols - Sorted by Name
                     Name    Address   Location    Storage File                     
                ---------  ---------  ---------  --------- ---------                
                  d_loop1   0x000070    program     static C:\Users\NBODT\MPLABXProjects\prepare-exam.X\real-time.asm
                  d_loop2   0x000071    program     static C:\Users\NBODT\MPLABXProjects\prepare-exam.X\real-time.asm
                    delay   0x00006e    program     static C:\Users\NBODT\MPLABXProjects\prepare-exam.X\real-time.asm
          display_counter   0x00003d    program     static C:\Users\NBODT\MPLABXProjects\prepare-exam.X\real-time.asm
                 exit_int   0x000038    program     static C:\Users\NBODT\MPLABXProjects\prepare-exam.X\real-time.asm
                   find_1   0x00004f    program     static C:\Users\NBODT\MPLABXProjects\prepare-exam.X\real-time.asm
                  find_10   0x000048    program     static C:\Users\NBODT\MPLABXProjects\prepare-exam.X\real-time.asm
                 find_100   0x000041    program     static C:\Users\NBODT\MPLABXProjects\prepare-exam.X\real-time.asm
           init_interrupt   0x00002d    program     static C:\Users\NBODT\MPLABXProjects\prepare-exam.X\real-time.asm
                 init_lcd   0x00001a    program     static C:\Users\NBODT\MPLABXProjects\prepare-exam.X\real-time.asm
                 int_serv   0x000031    program     static C:\Users\NBODT\MPLABXProjects\prepare-exam.X\real-time.asm
                     main   0x000005    program     static C:\Users\NBODT\MPLABXProjects\prepare-exam.X\real-time.asm
                main_loop   0x00000a    program     static C:\Users\NBODT\MPLABXProjects\prepare-exam.X\real-time.asm
             send_nibbles   0x000060    program     static C:\Users\NBODT\MPLABXProjects\prepare-exam.X\real-time.asm
                   strobe   0x00006a    program     static C:\Users\NBODT\MPLABXProjects\prepare-exam.X\real-time.asm
                  wr_data   0x00005e    program     static C:\Users\NBODT\MPLABXProjects\prepare-exam.X\real-time.asm
                   wr_ins   0x00005b    program     static C:\Users\NBODT\MPLABXProjects\prepare-exam.X\real-time.asm



                              Symbols - Sorted by Address
                     Name    Address   Location    Storage File                     
                ---------  ---------  ---------  --------- ---------                
                     main   0x000005    program     static C:\Users\NBODT\MPLABXProjects\prepare-exam.X\real-time.asm
                main_loop   0x00000a    program     static C:\Users\NBODT\MPLABXProjects\prepare-exam.X\real-time.asm
                 init_lcd   0x00001a    program     static C:\Users\NBODT\MPLABXProjects\prepare-exam.X\real-time.asm
           init_interrupt   0x00002d    program     static C:\Users\NBODT\MPLABXProjects\prepare-exam.X\real-time.asm
                 int_serv   0x000031    program     static C:\Users\NBODT\MPLABXProjects\prepare-exam.X\real-time.asm
                 exit_int   0x000038    program     static C:\Users\NBODT\MPLABXProjects\prepare-exam.X\real-time.asm
          display_counter   0x00003d    program     static C:\Users\NBODT\MPLABXProjects\prepare-exam.X\real-time.asm
                 find_100   0x000041    program     static C:\Users\NBODT\MPLABXProjects\prepare-exam.X\real-time.asm
                  find_10   0x000048    program     static C:\Users\NBODT\MPLABXProjects\prepare-exam.X\real-time.asm
                   find_1   0x00004f    program     static C:\Users\NBODT\MPLABXProjects\prepare-exam.X\real-time.asm
                   wr_ins   0x00005b    program     static C:\Users\NBODT\MPLABXProjects\prepare-exam.X\real-time.asm
                  wr_data   0x00005e    program     static C:\Users\NBODT\MPLABXProjects\prepare-exam.X\real-time.asm
             send_nibbles   0x000060    program     static C:\Users\NBODT\MPLABXProjects\prepare-exam.X\real-time.asm
                   strobe   0x00006a    program     static C:\Users\NBODT\MPLABXProjects\prepare-exam.X\real-time.asm
                    delay   0x00006e    program     static C:\Users\NBODT\MPLABXProjects\prepare-exam.X\real-time.asm
                  d_loop1   0x000070    program     static C:\Users\NBODT\MPLABXProjects\prepare-exam.X\real-time.asm
                  d_loop2   0x000071    program     static C:\Users\NBODT\MPLABXProjects\prepare-exam.X\real-time.asm


