MPLINK 5.09, LINKER
Linker Map File - Created Sat Feb 21 05:39:43 2026

                                 Section Info
                  Section       Type    Address   Location Size(Bytes)
                ---------  ---------  ---------  ---------  ---------
                   .org_0       code   0x000000    program   0x000002
                   .cinit    romdata   0x000001    program   0x000004
                   .org_1       code   0x000004    program   0x00002c
.config_2007_BUILD/DEFAULT/PRODUCTION/LAB1-4.       code   0x002007    program   0x000002



                              Program Memory Usage 
                               Start         End      
                           ---------   ---------      
                            0x000000    0x000002      
                            0x000004    0x000019      
                            0x002007    0x002007      
            26 out of 2182 program addresses used, program memory utilization is 1%



                              Symbols - Sorted by Name
                     Name    Address   Location    Storage File                     
                ---------  ---------  ---------  --------- ---------                
                 int_serv   0x000015    program     static C:\Users\NBODT\MPLABXProjects\lab1-4.X\lab1-4.asm
                     loop   0x000014    program     static C:\Users\NBODT\MPLABXProjects\lab1-4.X\lab1-4.asm
                    start   0x000005    program     static C:\Users\NBODT\MPLABXProjects\lab1-4.X\lab1-4.asm



                              Symbols - Sorted by Address
                     Name    Address   Location    Storage File                     
                ---------  ---------  ---------  --------- ---------                
                    start   0x000005    program     static C:\Users\NBODT\MPLABXProjects\lab1-4.X\lab1-4.asm
                     loop   0x000014    program     static C:\Users\NBODT\MPLABXProjects\lab1-4.X\lab1-4.asm
                 int_serv   0x000015    program     static C:\Users\NBODT\MPLABXProjects\lab1-4.X\lab1-4.asm


