MPLINK 5.09, LINKER
Linker Map File - Created Mon Feb 23 17:26:11 2026

                                 Section Info
                  Section       Type    Address   Location Size(Bytes)
                ---------  ---------  ---------  ---------  ---------
                   .org_0       code   0x000000    program   0x000002
                   .cinit    romdata   0x000001    program   0x000004
                   .org_1       code   0x000004    program   0x0000ee
.config_2007_BUILD/DEFAULT/PRODUCTION/COUNTER       code   0x002007    program   0x000002



                              Program Memory Usage 
                               Start         End      
                           ---------   ---------      
                            0x000000    0x000002      
                            0x000004    0x00007a      
                            0x002007    0x002007      
            123 out of 2182 program addresses used, program memory utilization is 5%



                              Symbols - Sorted by Name
                     Name    Address   Location    Storage File                     
                ---------  ---------  ---------  --------- ---------                
                      d_1   0x000051    program     static C:\Users\NBODT\MPLABXProjects\prepare-exam2.X\counter-until-reset.asm
                     d_10   0x00004a    program     static C:\Users\NBODT\MPLABXProjects\prepare-exam2.X\counter-until-reset.asm
                    d_100   0x000043    program     static C:\Users\NBODT\MPLABXProjects\prepare-exam2.X\counter-until-reset.asm
              delay_short   0x000076    program     static C:\Users\NBODT\MPLABXProjects\prepare-exam2.X\counter-until-reset.asm
         display_3_digits   0x000040    program     static C:\Users\NBODT\MPLABXProjects\prepare-exam2.X\counter-until-reset.asm
                 exit_isr   0x00002c    program     static C:\Users\NBODT\MPLABXProjects\prepare-exam2.X\counter-until-reset.asm
                init_ints   0x00003b    program     static C:\Users\NBODT\MPLABXProjects\prepare-exam2.X\counter-until-reset.asm
                 init_lcd   0x00005b    program     static C:\Users\NBODT\MPLABXProjects\prepare-exam2.X\counter-until-reset.asm
               init_ports   0x000031    program     static C:\Users\NBODT\MPLABXProjects\prepare-exam2.X\counter-until-reset.asm
                      isr   0x000016    program     static C:\Users\NBODT\MPLABXProjects\prepare-exam2.X\counter-until-reset.asm
                 lcd_send   0x000068    program     static C:\Users\NBODT\MPLABXProjects\prepare-exam2.X\counter-until-reset.asm
                       lp   0x000078    program     static C:\Users\NBODT\MPLABXProjects\prepare-exam2.X\counter-until-reset.asm
                     main   0x000005    program     static C:\Users\NBODT\MPLABXProjects\prepare-exam2.X\counter-until-reset.asm
                main_loop   0x00000d    program     static C:\Users\NBODT\MPLABXProjects\prepare-exam2.X\counter-until-reset.asm
                rb0_logic   0x000029    program     static C:\Users\NBODT\MPLABXProjects\prepare-exam2.X\counter-until-reset.asm
              timer_logic   0x00001e    program     static C:\Users\NBODT\MPLABXProjects\prepare-exam2.X\counter-until-reset.asm
                  wr_data   0x000067    program     static C:\Users\NBODT\MPLABXProjects\prepare-exam2.X\counter-until-reset.asm
                   wr_ins   0x000065    program     static C:\Users\NBODT\MPLABXProjects\prepare-exam2.X\counter-until-reset.asm



                              Symbols - Sorted by Address
                     Name    Address   Location    Storage File                     
                ---------  ---------  ---------  --------- ---------                
                     main   0x000005    program     static C:\Users\NBODT\MPLABXProjects\prepare-exam2.X\counter-until-reset.asm
                main_loop   0x00000d    program     static C:\Users\NBODT\MPLABXProjects\prepare-exam2.X\counter-until-reset.asm
                      isr   0x000016    program     static C:\Users\NBODT\MPLABXProjects\prepare-exam2.X\counter-until-reset.asm
              timer_logic   0x00001e    program     static C:\Users\NBODT\MPLABXProjects\prepare-exam2.X\counter-until-reset.asm
                rb0_logic   0x000029    program     static C:\Users\NBODT\MPLABXProjects\prepare-exam2.X\counter-until-reset.asm
                 exit_isr   0x00002c    program     static C:\Users\NBODT\MPLABXProjects\prepare-exam2.X\counter-until-reset.asm
               init_ports   0x000031    program     static C:\Users\NBODT\MPLABXProjects\prepare-exam2.X\counter-until-reset.asm
                init_ints   0x00003b    program     static C:\Users\NBODT\MPLABXProjects\prepare-exam2.X\counter-until-reset.asm
         display_3_digits   0x000040    program     static C:\Users\NBODT\MPLABXProjects\prepare-exam2.X\counter-until-reset.asm
                    d_100   0x000043    program     static C:\Users\NBODT\MPLABXProjects\prepare-exam2.X\counter-until-reset.asm
                     d_10   0x00004a    program     static C:\Users\NBODT\MPLABXProjects\prepare-exam2.X\counter-until-reset.asm
                      d_1   0x000051    program     static C:\Users\NBODT\MPLABXProjects\prepare-exam2.X\counter-until-reset.asm
                 init_lcd   0x00005b    program     static C:\Users\NBODT\MPLABXProjects\prepare-exam2.X\counter-until-reset.asm
                   wr_ins   0x000065    program     static C:\Users\NBODT\MPLABXProjects\prepare-exam2.X\counter-until-reset.asm
                  wr_data   0x000067    program     static C:\Users\NBODT\MPLABXProjects\prepare-exam2.X\counter-until-reset.asm
                 lcd_send   0x000068    program     static C:\Users\NBODT\MPLABXProjects\prepare-exam2.X\counter-until-reset.asm
              delay_short   0x000076    program     static C:\Users\NBODT\MPLABXProjects\prepare-exam2.X\counter-until-reset.asm
                       lp   0x000078    program     static C:\Users\NBODT\MPLABXProjects\prepare-exam2.X\counter-until-reset.asm


