MPLINK 5.09, LINKER
Linker Map File - Created Sat Feb 21 16:13:01 2026

                                 Section Info
                  Section       Type    Address   Location Size(Bytes)
                ---------  ---------  ---------  ---------  ---------
                   .org_0       code   0x000000    program   0x000002
                   .cinit    romdata   0x000001    program   0x000004
                   .org_1       code   0x000004    program   0x00002a
.config_2007_BUILD/DEFAULT/PRODUCTION/LAB3-2.       code   0x002007    program   0x000002



                              Program Memory Usage 
                               Start         End      
                           ---------   ---------      
                            0x000000    0x000002      
                            0x000004    0x000018      
                            0x002007    0x002007      
            25 out of 2182 program addresses used, program memory utilization is 1%



                              Symbols - Sorted by Name
                     Name    Address   Location    Storage File                     
                ---------  ---------  ---------  --------- ---------                
                      isr   0x000014    program     static C:\Users\NBODT\MPLABXProjects\lab3-2.X\lab3-2.asm
                     loop   0x000013    program     static C:\Users\NBODT\MPLABXProjects\lab3-2.X\lab3-2.asm
                     main   0x000005    program     static C:\Users\NBODT\MPLABXProjects\lab3-2.X\lab3-2.asm



                              Symbols - Sorted by Address
                     Name    Address   Location    Storage File                     
                ---------  ---------  ---------  --------- ---------                
                     main   0x000005    program     static C:\Users\NBODT\MPLABXProjects\lab3-2.X\lab3-2.asm
                     loop   0x000013    program     static C:\Users\NBODT\MPLABXProjects\lab3-2.X\lab3-2.asm
                      isr   0x000014    program     static C:\Users\NBODT\MPLABXProjects\lab3-2.X\lab3-2.asm


