MPLINK 5.09, LINKER
Linker Map File - Created Sat Feb 21 13:41:35 2026

                                 Section Info
                  Section       Type    Address   Location Size(Bytes)
                ---------  ---------  ---------  ---------  ---------
                   .org_0       code   0x000000    program   0x0000ca
                   .cinit    romdata   0x000065    program   0x000004
.config_2007_BUILD/DEFAULT/PRODUCTION/LAB2-2.       code   0x002007    program   0x000002



                              Program Memory Usage 
                               Start         End      
                           ---------   ---------      
                            0x000000    0x000066      
                            0x002007    0x002007      
            104 out of 2182 program addresses used, program memory utilization is 4%



                              Symbols - Sorted by Name
                     Name    Address   Location    Storage File                     
                ---------  ---------  ---------  --------- ---------                
           convert_to_hex   0x000017    program     static C:\Users\NBODT\MPLABXProjects\lab2-2.X\lab2-2.asm
                    delay   0x00005d    program     static C:\Users\NBODT\MPLABXProjects\lab2-2.X\lab2-2.asm
                   enable   0x000059    program     static C:\Users\NBODT\MPLABXProjects\lab2-2.X\lab2-2.asm
                 init_lcd   0x00002b    program     static C:\Users\NBODT\MPLABXProjects\lab2-2.X\lab2-2.asm
                    loop1   0x00005f    program     static C:\Users\NBODT\MPLABXProjects\lab2-2.X\lab2-2.asm
                    loop2   0x000060    program     static C:\Users\NBODT\MPLABXProjects\lab2-2.X\lab2-2.asm
                main_loop   0x000003    program     static C:\Users\NBODT\MPLABXProjects\lab2-2.X\lab2-2.asm
             read_buttons   0x00000d    program     static C:\Users\NBODT\MPLABXProjects\lab2-2.X\lab2-2.asm
                  wr_data   0x00004e    program     static C:\Users\NBODT\MPLABXProjects\lab2-2.X\lab2-2.asm
                   wr_ins   0x000043    program     static C:\Users\NBODT\MPLABXProjects\lab2-2.X\lab2-2.asm



                              Symbols - Sorted by Address
                     Name    Address   Location    Storage File                     
                ---------  ---------  ---------  --------- ---------                
                main_loop   0x000003    program     static C:\Users\NBODT\MPLABXProjects\lab2-2.X\lab2-2.asm
             read_buttons   0x00000d    program     static C:\Users\NBODT\MPLABXProjects\lab2-2.X\lab2-2.asm
           convert_to_hex   0x000017    program     static C:\Users\NBODT\MPLABXProjects\lab2-2.X\lab2-2.asm
                 init_lcd   0x00002b    program     static C:\Users\NBODT\MPLABXProjects\lab2-2.X\lab2-2.asm
                   wr_ins   0x000043    program     static C:\Users\NBODT\MPLABXProjects\lab2-2.X\lab2-2.asm
                  wr_data   0x00004e    program     static C:\Users\NBODT\MPLABXProjects\lab2-2.X\lab2-2.asm
                   enable   0x000059    program     static C:\Users\NBODT\MPLABXProjects\lab2-2.X\lab2-2.asm
                    delay   0x00005d    program     static C:\Users\NBODT\MPLABXProjects\lab2-2.X\lab2-2.asm
                    loop1   0x00005f    program     static C:\Users\NBODT\MPLABXProjects\lab2-2.X\lab2-2.asm
                    loop2   0x000060    program     static C:\Users\NBODT\MPLABXProjects\lab2-2.X\lab2-2.asm


